  Determining projects to restore...
  All projects are up-to-date for restore.
D:\SmartShcool\Nafes.API\Repositories\QuestionRepository.cs(32,28): error CS1513: } expected [D:\SmartShcool\Nafes.API\Nafes.API.csproj]

Build FAILED.

D:\SmartShcool\Nafes.API\Repositories\QuestionRepository.cs(32,28): error CS1513: } expected [D:\SmartShcool\Nafes.API\Nafes.API.csproj]
    0 Warning(s)
    1 Error(s)

Time Elapsed 00:00:01.41
