  Determining projects to restore...
  All projects are up-to-date for restore.
D:\SmartShcool\Nafes.API\Program.cs(34,28): error CS0246: The type or namespace name 'IWheelGameService' could not be found (are you missing a using directive or an assembly reference?) [D:\SmartShcool\Nafes.API\Nafes.API.csproj]
D:\SmartShcool\Nafes.API\Program.cs(34,47): error CS0246: The type or namespace name 'WheelGameService' could not be found (are you missing a using directive or an assembly reference?) [D:\SmartShcool\Nafes.API\Nafes.API.csproj]
D:\SmartShcool\Nafes.API\Services\MatchingQuestionService.cs(87,27): error CS1061: 'IMatchingQuestionRepository' does not contain a definition for 'UpdateAsync' and no accessible extension method 'UpdateAsync' accepting a first argument of type 'IMatchingQuestionRepository' could be found (are you missing a using directive or an assembly reference?) [D:\SmartShcool\Nafes.API\Nafes.API.csproj]
D:\SmartShcool\Nafes.API\Services\MatchingQuestionService.cs(100,27): error CS1061: 'IMatchingQuestionRepository' does not contain a definition for 'UpdateAsync' and no accessible extension method 'UpdateAsync' accepting a first argument of type 'IMatchingQuestionRepository' could be found (are you missing a using directive or an assembly reference?) [D:\SmartShcool\Nafes.API\Nafes.API.csproj]
D:\SmartShcool\Nafes.API\Services\MatchingGameService.cs(144,34): error CS1061: 'IMatchingGameSessionRepository' does not contain a definition for 'UpdateAsync' and no accessible extension method 'UpdateAsync' accepting a first argument of type 'IMatchingGameSessionRepository' could be found (are you missing a using directive or an assembly reference?) [D:\SmartShcool\Nafes.API\Nafes.API.csproj]

Build FAILED.

D:\SmartShcool\Nafes.API\Program.cs(34,28): error CS0246: The type or namespace name 'IWheelGameService' could not be found (are you missing a using directive or an assembly reference?) [D:\SmartShcool\Nafes.API\Nafes.API.csproj]
D:\SmartShcool\Nafes.API\Program.cs(34,47): error CS0246: The type or namespace name 'WheelGameService' could not be found (are you missing a using directive or an assembly reference?) [D:\SmartShcool\Nafes.API\Nafes.API.csproj]
D:\SmartShcool\Nafes.API\Services\MatchingQuestionService.cs(87,27): error CS1061: 'IMatchingQuestionRepository' does not contain a definition for 'UpdateAsync' and no accessible extension method 'UpdateAsync' accepting a first argument of type 'IMatchingQuestionRepository' could be found (are you missing a using directive or an assembly reference?) [D:\SmartShcool\Nafes.API\Nafes.API.csproj]
D:\SmartShcool\Nafes.API\Services\MatchingQuestionService.cs(100,27): error CS1061: 'IMatchingQuestionRepository' does not contain a definition for 'UpdateAsync' and no accessible extension method 'UpdateAsync' accepting a first argument of type 'IMatchingQuestionRepository' could be found (are you missing a using directive or an assembly reference?) [D:\SmartShcool\Nafes.API\Nafes.API.csproj]
D:\SmartShcool\Nafes.API\Services\MatchingGameService.cs(144,34): error CS1061: 'IMatchingGameSessionRepository' does not contain a definition for 'UpdateAsync' and no accessible extension method 'UpdateAsync' accepting a first argument of type 'IMatchingGameSessionRepository' could be found (are you missing a using directive or an assembly reference?) [D:\SmartShcool\Nafes.API\Nafes.API.csproj]
    0 Warning(s)
    5 Error(s)

Time Elapsed 00:00:01.98
