  Determining projects to restore...
  All projects are up-to-date for restore.
D:\SmartShcool\Nafes.API\DTOs\DragDrop\DragDropDtos.cs(105,21): warning CS0109: The member 'UpdateDragDropItemDto.CorrectZoneId' does not hide an accessible member. The new keyword is not required. [D:\SmartShcool\Nafes.API\Nafes.API.csproj]
D:\SmartShcool\Nafes.API\DTOs\DragDrop\UITheme.cs(5,19): warning CS8618: Non-nullable property 'Id' must contain a non-null value when exiting constructor. Consider adding the 'required' modifier or declaring the property as nullable. [D:\SmartShcool\Nafes.API\Nafes.API.csproj]
D:\SmartShcool\Nafes.API\DTOs\DragDrop\UITheme.cs(6,19): warning CS8618: Non-nullable property 'Name' must contain a non-null value when exiting constructor. Consider adding the 'required' modifier or declaring the property as nullable. [D:\SmartShcool\Nafes.API\Nafes.API.csproj]
D:\SmartShcool\Nafes.API\DTOs\DragDrop\UITheme.cs(7,19): warning CS8618: Non-nullable property 'PrimaryColor' must contain a non-null value when exiting constructor. Consider adding the 'required' modifier or declaring the property as nullable. [D:\SmartShcool\Nafes.API\Nafes.API.csproj]
D:\SmartShcool\Nafes.API\DTOs\DragDrop\UITheme.cs(8,19): warning CS8618: Non-nullable property 'SecondaryColor' must contain a non-null value when exiting constructor. Consider adding the 'required' modifier or declaring the property as nullable. [D:\SmartShcool\Nafes.API\Nafes.API.csproj]
D:\SmartShcool\Nafes.API\DTOs\DragDrop\UITheme.cs(9,19): warning CS8618: Non-nullable property 'BackgroundPattern' must contain a non-null value when exiting constructor. Consider adding the 'required' modifier or declaring the property as nullable. [D:\SmartShcool\Nafes.API\Nafes.API.csproj]
D:\SmartShcool\Nafes.API\DTOs\DragDrop\UITheme.cs(10,19): warning CS8618: Non-nullable property 'Font' must contain a non-null value when exiting constructor. Consider adding the 'required' modifier or declaring the property as nullable. [D:\SmartShcool\Nafes.API\Nafes.API.csproj]
D:\SmartShcool\Nafes.API\DTOs\DragDrop\UITheme.cs(11,19): warning CS8618: Non-nullable property 'Description' must contain a non-null value when exiting constructor. Consider adding the 'required' modifier or declaring the property as nullable. [D:\SmartShcool\Nafes.API\Nafes.API.csproj]
D:\SmartShcool\Nafes.API\DTOs\DragDrop\UITheme.cs(12,19): warning CS8618: Non-nullable property 'PreviewImageUrl' must contain a non-null value when exiting constructor. Consider adding the 'required' modifier or declaring the property as nullable. [D:\SmartShcool\Nafes.API\Nafes.API.csproj]
D:\SmartShcool\Nafes.API\DTOs\DragDrop\LeaderboardEntry.cs(9,19): warning CS8618: Non-nullable property 'StudentName' must contain a non-null value when exiting constructor. Consider adding the 'required' modifier or declaring the property as nullable. [D:\SmartShcool\Nafes.API\Nafes.API.csproj]
D:\SmartShcool\Nafes.API\DTOs\DragDrop\LeaderboardEntry.cs(16,19): warning CS8618: Non-nullable property 'GradeName' must contain a non-null value when exiting constructor. Consider adding the 'required' modifier or declaring the property as nullable. [D:\SmartShcool\Nafes.API\Nafes.API.csproj]
D:\SmartShcool\Nafes.API\DTOs\DragDrop\DragDropGameDtos.cs(59,19): warning CS8618: Non-nullable property 'BadgeUrl' must contain a non-null value when exiting constructor. Consider adding the 'required' modifier or declaring the property as nullable. [D:\SmartShcool\Nafes.API\Nafes.API.csproj]
D:\SmartShcool\Nafes.API\DTOs\DragDrop\DragDropGameDtos.cs(18,19): warning CS8618: Non-nullable property 'GameTitle' must contain a non-null value when exiting constructor. Consider adding the 'required' modifier or declaring the property as nullable. [D:\SmartShcool\Nafes.API\Nafes.API.csproj]
D:\SmartShcool\Nafes.API\DTOs\DragDrop\DragDropGameDtos.cs(22,19): warning CS8618: Non-nullable property 'UITheme' must contain a non-null value when exiting constructor. Consider adding the 'required' modifier or declaring the property as nullable. [D:\SmartShcool\Nafes.API\Nafes.API.csproj]
D:\SmartShcool\Nafes.API\DTOs\DragDrop\DragDropGameDtos.cs(25,34): warning CS8618: Non-nullable property 'Zones' must contain a non-null value when exiting constructor. Consider adding the 'required' modifier or declaring the property as nullable. [D:\SmartShcool\Nafes.API\Nafes.API.csproj]
D:\SmartShcool\Nafes.API\DTOs\DragDrop\DragDropGameDtos.cs(26,34): warning CS8618: Non-nullable property 'Items' must contain a non-null value when exiting constructor. Consider adding the 'required' modifier or declaring the property as nullable. [D:\SmartShcool\Nafes.API\Nafes.API.csproj]
D:\SmartShcool\Nafes.API\DTOs\DragDrop\DragDropGameDtos.cs(31,22): warning CS8618: Non-nullable property 'CompletedItemIds' must contain a non-null value when exiting constructor. Consider adding the 'required' modifier or declaring the property as nullable. [D:\SmartShcool\Nafes.API\Nafes.API.csproj]
D:\SmartShcool\Nafes.API\DTOs\DragDrop\DragDropDtos.cs(81,19): warning CS8618: Non-nullable property 'Text' must contain a non-null value when exiting constructor. Consider adding the 'required' modifier or declaring the property as nullable. [D:\SmartShcool\Nafes.API\Nafes.API.csproj]
D:\SmartShcool\Nafes.API\DTOs\DragDrop\DragDropDtos.cs(72,19): warning CS8618: Non-nullable property 'Label' must contain a non-null value when exiting constructor. Consider adding the 'required' modifier or declaring the property as nullable. [D:\SmartShcool\Nafes.API\Nafes.API.csproj]
D:\SmartShcool\Nafes.API\DTOs\DragDrop\DragDropDtos.cs(57,19): warning CS8618: Non-nullable property 'GameTitle' must contain a non-null value when exiting constructor. Consider adding the 'required' modifier or declaring the property as nullable. [D:\SmartShcool\Nafes.API\Nafes.API.csproj]
D:\SmartShcool\Nafes.API\DTOs\DragDrop\DragDropDtos.cs(42,19): warning CS8618: Non-nullable property 'Text' must contain a non-null value when exiting constructor. Consider adding the 'required' modifier or declaring the property as nullable. [D:\SmartShcool\Nafes.API\Nafes.API.csproj]
D:\SmartShcool\Nafes.API\DTOs\DragDrop\DragDropDtos.cs(32,19): warning CS8618: Non-nullable property 'Label' must contain a non-null value when exiting constructor. Consider adding the 'required' modifier or declaring the property as nullable. [D:\SmartShcool\Nafes.API\Nafes.API.csproj]
D:\SmartShcool\Nafes.API\DTOs\DragDrop\DragDropDtos.cs(33,19): warning CS8618: Non-nullable property 'ColorCode' must contain a non-null value when exiting constructor. Consider adding the 'required' modifier or declaring the property as nullable. [D:\SmartShcool\Nafes.API\Nafes.API.csproj]
D:\SmartShcool\Nafes.API\DTOs\DragDrop\DragDropDtos.cs(13,19): warning CS8618: Non-nullable property 'GameTitle' must contain a non-null value when exiting constructor. Consider adding the 'required' modifier or declaring the property as nullable. [D:\SmartShcool\Nafes.API\Nafes.API.csproj]
D:\SmartShcool\Nafes.API\Controllers\FlipCardGameController.cs(156,30): warning CS0168: The variable 'ex' is declared but never used [D:\SmartShcool\Nafes.API\Nafes.API.csproj]
D:\SmartShcool\Nafes.API\Program.cs(34,28): error CS0246: The type or namespace name 'IPasswordHasher' could not be found (are you missing a using directive or an assembly reference?) [D:\SmartShcool\Nafes.API\Nafes.API.csproj]
D:\SmartShcool\Nafes.API\Program.cs(34,45): error CS0246: The type or namespace name 'PasswordHasher' could not be found (are you missing a using directive or an assembly reference?) [D:\SmartShcool\Nafes.API\Nafes.API.csproj]
D:\SmartShcool\Nafes.API\Program.cs(40,28): error CS0246: The type or namespace name 'IMatchingQuestionService' could not be found (are you missing a using directive or an assembly reference?) [D:\SmartShcool\Nafes.API\Nafes.API.csproj]
D:\SmartShcool\Nafes.API\Program.cs(40,54): error CS0246: The type or namespace name 'MatchingQuestionService' could not be found (are you missing a using directive or an assembly reference?) [D:\SmartShcool\Nafes.API\Nafes.API.csproj]
D:\SmartShcool\Nafes.API\Program.cs(41,28): error CS0246: The type or namespace name 'IMatchingGameService' could not be found (are you missing a using directive or an assembly reference?) [D:\SmartShcool\Nafes.API\Nafes.API.csproj]
D:\SmartShcool\Nafes.API\Program.cs(41,50): error CS0246: The type or namespace name 'MatchingGameService' could not be found (are you missing a using directive or an assembly reference?) [D:\SmartShcool\Nafes.API\Nafes.API.csproj]
D:\SmartShcool\Nafes.API\Program.cs(48,28): error CS0246: The type or namespace name 'IWheelQuestionService' could not be found (are you missing a using directive or an assembly reference?) [D:\SmartShcool\Nafes.API\Nafes.API.csproj]
D:\SmartShcool\Nafes.API\Program.cs(48,51): error CS0246: The type or namespace name 'WheelQuestionService' could not be found (are you missing a using directive or an assembly reference?) [D:\SmartShcool\Nafes.API\Nafes.API.csproj]
D:\SmartShcool\Nafes.API\Program.cs(49,28): error CS0246: The type or namespace name 'IWheelGameService' could not be found (are you missing a using directive or an assembly reference?) [D:\SmartShcool\Nafes.API\Nafes.API.csproj]
D:\SmartShcool\Nafes.API\Program.cs(49,47): error CS0246: The type or namespace name 'WheelGameService' could not be found (are you missing a using directive or an assembly reference?) [D:\SmartShcool\Nafes.API\Nafes.API.csproj]
D:\SmartShcool\Nafes.API\Program.cs(50,28): error CS0246: The type or namespace name 'IWheelSpinSegmentService' could not be found (are you missing a using directive or an assembly reference?) [D:\SmartShcool\Nafes.API\Nafes.API.csproj]
D:\SmartShcool\Nafes.API\Program.cs(50,54): error CS0246: The type or namespace name 'WheelSpinSegmentService' could not be found (are you missing a using directive or an assembly reference?) [D:\SmartShcool\Nafes.API\Nafes.API.csproj]
D:\SmartShcool\Nafes.API\Program.cs(56,28): error CS0246: The type or namespace name 'IUIThemeService' could not be found (are you missing a using directive or an assembly reference?) [D:\SmartShcool\Nafes.API\Nafes.API.csproj]
D:\SmartShcool\Nafes.API\Program.cs(56,45): error CS0246: The type or namespace name 'UIThemeService' could not be found (are you missing a using directive or an assembly reference?) [D:\SmartShcool\Nafes.API\Nafes.API.csproj]
D:\SmartShcool\Nafes.API\Program.cs(57,28): error CS0246: The type or namespace name 'IDragDropQuestionService' could not be found (are you missing a using directive or an assembly reference?) [D:\SmartShcool\Nafes.API\Nafes.API.csproj]
D:\SmartShcool\Nafes.API\Program.cs(57,54): error CS0246: The type or namespace name 'DragDropQuestionService' could not be found (are you missing a using directive or an assembly reference?) [D:\SmartShcool\Nafes.API\Nafes.API.csproj]
D:\SmartShcool\Nafes.API\Program.cs(58,28): error CS0246: The type or namespace name 'IDragDropGameService' could not be found (are you missing a using directive or an assembly reference?) [D:\SmartShcool\Nafes.API\Nafes.API.csproj]
D:\SmartShcool\Nafes.API\Program.cs(58,50): error CS0246: The type or namespace name 'DragDropGameService' could not be found (are you missing a using directive or an assembly reference?) [D:\SmartShcool\Nafes.API\Nafes.API.csproj]
D:\SmartShcool\Nafes.API\Program.cs(67,28): error CS0246: The type or namespace name 'IJwtService' could not be found (are you missing a using directive or an assembly reference?) [D:\SmartShcool\Nafes.API\Nafes.API.csproj]
D:\SmartShcool\Nafes.API\Program.cs(67,41): error CS0246: The type or namespace name 'JwtService' could not be found (are you missing a using directive or an assembly reference?) [D:\SmartShcool\Nafes.API\Nafes.API.csproj]
D:\SmartShcool\Nafes.API\Program.cs(68,28): error CS0246: The type or namespace name 'IAnalyticsService' could not be found (are you missing a using directive or an assembly reference?) [D:\SmartShcool\Nafes.API\Nafes.API.csproj]
D:\SmartShcool\Nafes.API\Program.cs(68,47): error CS0246: The type or namespace name 'AnalyticsService' could not be found (are you missing a using directive or an assembly reference?) [D:\SmartShcool\Nafes.API\Nafes.API.csproj]
D:\SmartShcool\Nafes.API\Program.cs(69,31): error CS0246: The type or namespace name 'IEmailService' could not be found (are you missing a using directive or an assembly reference?) [D:\SmartShcool\Nafes.API\Nafes.API.csproj]
D:\SmartShcool\Nafes.API\Program.cs(69,46): error CS0246: The type or namespace name 'EmailService' could not be found (are you missing a using directive or an assembly reference?) [D:\SmartShcool\Nafes.API\Nafes.API.csproj]
D:\SmartShcool\Nafes.API\Program.cs(71,28): error CS0246: The type or namespace name 'ISanitizationService' could not be found (are you missing a using directive or an assembly reference?) [D:\SmartShcool\Nafes.API\Nafes.API.csproj]
D:\SmartShcool\Nafes.API\Program.cs(71,50): error CS0246: The type or namespace name 'SanitizationService' could not be found (are you missing a using directive or an assembly reference?) [D:\SmartShcool\Nafes.API\Nafes.API.csproj]
D:\SmartShcool\Nafes.API\Program.cs(72,28): error CS0246: The type or namespace name 'IQuestionService' could not be found (are you missing a using directive or an assembly reference?) [D:\SmartShcool\Nafes.API\Nafes.API.csproj]
D:\SmartShcool\Nafes.API\Program.cs(72,46): error CS0246: The type or namespace name 'QuestionService' could not be found (are you missing a using directive or an assembly reference?) [D:\SmartShcool\Nafes.API\Nafes.API.csproj]
D:\SmartShcool\Nafes.API\Modules\DragDropZone.cs(16,33): warning CS8618: Non-nullable property 'DragDropQuestion' must contain a non-null value when exiting constructor. Consider adding the 'required' modifier or declaring the property as nullable. [D:\SmartShcool\Nafes.API\Nafes.API.csproj]
D:\SmartShcool\Nafes.API\Modules\DragDropGameSession.cs(17,33): warning CS8618: Non-nullable property 'DragDropQuestion' must contain a non-null value when exiting constructor. Consider adding the 'required' modifier or declaring the property as nullable. [D:\SmartShcool\Nafes.API\Nafes.API.csproj]
D:\SmartShcool\Nafes.API\Modules\DragDropAttempt.cs(13,36): warning CS8618: Non-nullable property 'Session' must contain a non-null value when exiting constructor. Consider adding the 'required' modifier or declaring the property as nullable. [D:\SmartShcool\Nafes.API\Nafes.API.csproj]
D:\SmartShcool\Nafes.API\Modules\DragDropAttempt.cs(16,29): warning CS8618: Non-nullable property 'Item' must contain a non-null value when exiting constructor. Consider adding the 'required' modifier or declaring the property as nullable. [D:\SmartShcool\Nafes.API\Nafes.API.csproj]
D:\SmartShcool\Nafes.API\Modules\DragDropAttempt.cs(19,29): warning CS8618: Non-nullable property 'PlacedInZone' must contain a non-null value when exiting constructor. Consider adding the 'required' modifier or declaring the property as nullable. [D:\SmartShcool\Nafes.API\Nafes.API.csproj]
D:\SmartShcool\Nafes.API\Services\DragDrop\DragDropGameService.cs(195,59): warning CS8602: Dereference of a possibly null reference. [D:\SmartShcool\Nafes.API\Nafes.API.csproj]
D:\SmartShcool\Nafes.API\Repositories\FlipCard\FlipCardAttemptRepository.cs(25,20): warning CS8603: Possible null reference return. [D:\SmartShcool\Nafes.API\Nafes.API.csproj]

Build FAILED.

D:\SmartShcool\Nafes.API\DTOs\DragDrop\DragDropDtos.cs(105,21): warning CS0109: The member 'UpdateDragDropItemDto.CorrectZoneId' does not hide an accessible member. The new keyword is not required. [D:\SmartShcool\Nafes.API\Nafes.API.csproj]
D:\SmartShcool\Nafes.API\DTOs\DragDrop\UITheme.cs(5,19): warning CS8618: Non-nullable property 'Id' must contain a non-null value when exiting constructor. Consider adding the 'required' modifier or declaring the property as nullable. [D:\SmartShcool\Nafes.API\Nafes.API.csproj]
D:\SmartShcool\Nafes.API\DTOs\DragDrop\UITheme.cs(6,19): warning CS8618: Non-nullable property 'Name' must contain a non-null value when exiting constructor. Consider adding the 'required' modifier or declaring the property as nullable. [D:\SmartShcool\Nafes.API\Nafes.API.csproj]
D:\SmartShcool\Nafes.API\DTOs\DragDrop\UITheme.cs(7,19): warning CS8618: Non-nullable property 'PrimaryColor' must contain a non-null value when exiting constructor. Consider adding the 'required' modifier or declaring the property as nullable. [D:\SmartShcool\Nafes.API\Nafes.API.csproj]
D:\SmartShcool\Nafes.API\DTOs\DragDrop\UITheme.cs(8,19): warning CS8618: Non-nullable property 'SecondaryColor' must contain a non-null value when exiting constructor. Consider adding the 'required' modifier or declaring the property as nullable. [D:\SmartShcool\Nafes.API\Nafes.API.csproj]
D:\SmartShcool\Nafes.API\DTOs\DragDrop\UITheme.cs(9,19): warning CS8618: Non-nullable property 'BackgroundPattern' must contain a non-null value when exiting constructor. Consider adding the 'required' modifier or declaring the property as nullable. [D:\SmartShcool\Nafes.API\Nafes.API.csproj]
D:\SmartShcool\Nafes.API\DTOs\DragDrop\UITheme.cs(10,19): warning CS8618: Non-nullable property 'Font' must contain a non-null value when exiting constructor. Consider adding the 'required' modifier or declaring the property as nullable. [D:\SmartShcool\Nafes.API\Nafes.API.csproj]
D:\SmartShcool\Nafes.API\DTOs\DragDrop\UITheme.cs(11,19): warning CS8618: Non-nullable property 'Description' must contain a non-null value when exiting constructor. Consider adding the 'required' modifier or declaring the property as nullable. [D:\SmartShcool\Nafes.API\Nafes.API.csproj]
D:\SmartShcool\Nafes.API\DTOs\DragDrop\UITheme.cs(12,19): warning CS8618: Non-nullable property 'PreviewImageUrl' must contain a non-null value when exiting constructor. Consider adding the 'required' modifier or declaring the property as nullable. [D:\SmartShcool\Nafes.API\Nafes.API.csproj]
D:\SmartShcool\Nafes.API\DTOs\DragDrop\LeaderboardEntry.cs(9,19): warning CS8618: Non-nullable property 'StudentName' must contain a non-null value when exiting constructor. Consider adding the 'required' modifier or declaring the property as nullable. [D:\SmartShcool\Nafes.API\Nafes.API.csproj]
D:\SmartShcool\Nafes.API\DTOs\DragDrop\LeaderboardEntry.cs(16,19): warning CS8618: Non-nullable property 'GradeName' must contain a non-null value when exiting constructor. Consider adding the 'required' modifier or declaring the property as nullable. [D:\SmartShcool\Nafes.API\Nafes.API.csproj]
D:\SmartShcool\Nafes.API\DTOs\DragDrop\DragDropGameDtos.cs(59,19): warning CS8618: Non-nullable property 'BadgeUrl' must contain a non-null value when exiting constructor. Consider adding the 'required' modifier or declaring the property as nullable. [D:\SmartShcool\Nafes.API\Nafes.API.csproj]
D:\SmartShcool\Nafes.API\DTOs\DragDrop\DragDropGameDtos.cs(18,19): warning CS8618: Non-nullable property 'GameTitle' must contain a non-null value when exiting constructor. Consider adding the 'required' modifier or declaring the property as nullable. [D:\SmartShcool\Nafes.API\Nafes.API.csproj]
D:\SmartShcool\Nafes.API\DTOs\DragDrop\DragDropGameDtos.cs(22,19): warning CS8618: Non-nullable property 'UITheme' must contain a non-null value when exiting constructor. Consider adding the 'required' modifier or declaring the property as nullable. [D:\SmartShcool\Nafes.API\Nafes.API.csproj]
D:\SmartShcool\Nafes.API\DTOs\DragDrop\DragDropGameDtos.cs(25,34): warning CS8618: Non-nullable property 'Zones' must contain a non-null value when exiting constructor. Consider adding the 'required' modifier or declaring the property as nullable. [D:\SmartShcool\Nafes.API\Nafes.API.csproj]
D:\SmartShcool\Nafes.API\DTOs\DragDrop\DragDropGameDtos.cs(26,34): warning CS8618: Non-nullable property 'Items' must contain a non-null value when exiting constructor. Consider adding the 'required' modifier or declaring the property as nullable. [D:\SmartShcool\Nafes.API\Nafes.API.csproj]
D:\SmartShcool\Nafes.API\DTOs\DragDrop\DragDropGameDtos.cs(31,22): warning CS8618: Non-nullable property 'CompletedItemIds' must contain a non-null value when exiting constructor. Consider adding the 'required' modifier or declaring the property as nullable. [D:\SmartShcool\Nafes.API\Nafes.API.csproj]
D:\SmartShcool\Nafes.API\DTOs\DragDrop\DragDropDtos.cs(81,19): warning CS8618: Non-nullable property 'Text' must contain a non-null value when exiting constructor. Consider adding the 'required' modifier or declaring the property as nullable. [D:\SmartShcool\Nafes.API\Nafes.API.csproj]
D:\SmartShcool\Nafes.API\DTOs\DragDrop\DragDropDtos.cs(72,19): warning CS8618: Non-nullable property 'Label' must contain a non-null value when exiting constructor. Consider adding the 'required' modifier or declaring the property as nullable. [D:\SmartShcool\Nafes.API\Nafes.API.csproj]
D:\SmartShcool\Nafes.API\DTOs\DragDrop\DragDropDtos.cs(57,19): warning CS8618: Non-nullable property 'GameTitle' must contain a non-null value when exiting constructor. Consider adding the 'required' modifier or declaring the property as nullable. [D:\SmartShcool\Nafes.API\Nafes.API.csproj]
D:\SmartShcool\Nafes.API\DTOs\DragDrop\DragDropDtos.cs(42,19): warning CS8618: Non-nullable property 'Text' must contain a non-null value when exiting constructor. Consider adding the 'required' modifier or declaring the property as nullable. [D:\SmartShcool\Nafes.API\Nafes.API.csproj]
D:\SmartShcool\Nafes.API\DTOs\DragDrop\DragDropDtos.cs(32,19): warning CS8618: Non-nullable property 'Label' must contain a non-null value when exiting constructor. Consider adding the 'required' modifier or declaring the property as nullable. [D:\SmartShcool\Nafes.API\Nafes.API.csproj]
D:\SmartShcool\Nafes.API\DTOs\DragDrop\DragDropDtos.cs(33,19): warning CS8618: Non-nullable property 'ColorCode' must contain a non-null value when exiting constructor. Consider adding the 'required' modifier or declaring the property as nullable. [D:\SmartShcool\Nafes.API\Nafes.API.csproj]
D:\SmartShcool\Nafes.API\DTOs\DragDrop\DragDropDtos.cs(13,19): warning CS8618: Non-nullable property 'GameTitle' must contain a non-null value when exiting constructor. Consider adding the 'required' modifier or declaring the property as nullable. [D:\SmartShcool\Nafes.API\Nafes.API.csproj]
D:\SmartShcool\Nafes.API\Controllers\FlipCardGameController.cs(156,30): warning CS0168: The variable 'ex' is declared but never used [D:\SmartShcool\Nafes.API\Nafes.API.csproj]
D:\SmartShcool\Nafes.API\Modules\DragDropZone.cs(16,33): warning CS8618: Non-nullable property 'DragDropQuestion' must contain a non-null value when exiting constructor. Consider adding the 'required' modifier or declaring the property as nullable. [D:\SmartShcool\Nafes.API\Nafes.API.csproj]
D:\SmartShcool\Nafes.API\Modules\DragDropGameSession.cs(17,33): warning CS8618: Non-nullable property 'DragDropQuestion' must contain a non-null value when exiting constructor. Consider adding the 'required' modifier or declaring the property as nullable. [D:\SmartShcool\Nafes.API\Nafes.API.csproj]
D:\SmartShcool\Nafes.API\Modules\DragDropAttempt.cs(13,36): warning CS8618: Non-nullable property 'Session' must contain a non-null value when exiting constructor. Consider adding the 'required' modifier or declaring the property as nullable. [D:\SmartShcool\Nafes.API\Nafes.API.csproj]
D:\SmartShcool\Nafes.API\Modules\DragDropAttempt.cs(16,29): warning CS8618: Non-nullable property 'Item' must contain a non-null value when exiting constructor. Consider adding the 'required' modifier or declaring the property as nullable. [D:\SmartShcool\Nafes.API\Nafes.API.csproj]
D:\SmartShcool\Nafes.API\Modules\DragDropAttempt.cs(19,29): warning CS8618: Non-nullable property 'PlacedInZone' must contain a non-null value when exiting constructor. Consider adding the 'required' modifier or declaring the property as nullable. [D:\SmartShcool\Nafes.API\Nafes.API.csproj]
D:\SmartShcool\Nafes.API\Services\DragDrop\DragDropGameService.cs(195,59): warning CS8602: Dereference of a possibly null reference. [D:\SmartShcool\Nafes.API\Nafes.API.csproj]
D:\SmartShcool\Nafes.API\Repositories\FlipCard\FlipCardAttemptRepository.cs(25,20): warning CS8603: Possible null reference return. [D:\SmartShcool\Nafes.API\Nafes.API.csproj]
D:\SmartShcool\Nafes.API\Program.cs(34,28): error CS0246: The type or namespace name 'IPasswordHasher' could not be found (are you missing a using directive or an assembly reference?) [D:\SmartShcool\Nafes.API\Nafes.API.csproj]
D:\SmartShcool\Nafes.API\Program.cs(34,45): error CS0246: The type or namespace name 'PasswordHasher' could not be found (are you missing a using directive or an assembly reference?) [D:\SmartShcool\Nafes.API\Nafes.API.csproj]
D:\SmartShcool\Nafes.API\Program.cs(40,28): error CS0246: The type or namespace name 'IMatchingQuestionService' could not be found (are you missing a using directive or an assembly reference?) [D:\SmartShcool\Nafes.API\Nafes.API.csproj]
D:\SmartShcool\Nafes.API\Program.cs(40,54): error CS0246: The type or namespace name 'MatchingQuestionService' could not be found (are you missing a using directive or an assembly reference?) [D:\SmartShcool\Nafes.API\Nafes.API.csproj]
D:\SmartShcool\Nafes.API\Program.cs(41,28): error CS0246: The type or namespace name 'IMatchingGameService' could not be found (are you missing a using directive or an assembly reference?) [D:\SmartShcool\Nafes.API\Nafes.API.csproj]
D:\SmartShcool\Nafes.API\Program.cs(41,50): error CS0246: The type or namespace name 'MatchingGameService' could not be found (are you missing a using directive or an assembly reference?) [D:\SmartShcool\Nafes.API\Nafes.API.csproj]
D:\SmartShcool\Nafes.API\Program.cs(48,28): error CS0246: The type or namespace name 'IWheelQuestionService' could not be found (are you missing a using directive or an assembly reference?) [D:\SmartShcool\Nafes.API\Nafes.API.csproj]
D:\SmartShcool\Nafes.API\Program.cs(48,51): error CS0246: The type or namespace name 'WheelQuestionService' could not be found (are you missing a using directive or an assembly reference?) [D:\SmartShcool\Nafes.API\Nafes.API.csproj]
D:\SmartShcool\Nafes.API\Program.cs(49,28): error CS0246: The type or namespace name 'IWheelGameService' could not be found (are you missing a using directive or an assembly reference?) [D:\SmartShcool\Nafes.API\Nafes.API.csproj]
D:\SmartShcool\Nafes.API\Program.cs(49,47): error CS0246: The type or namespace name 'WheelGameService' could not be found (are you missing a using directive or an assembly reference?) [D:\SmartShcool\Nafes.API\Nafes.API.csproj]
D:\SmartShcool\Nafes.API\Program.cs(50,28): error CS0246: The type or namespace name 'IWheelSpinSegmentService' could not be found (are you missing a using directive or an assembly reference?) [D:\SmartShcool\Nafes.API\Nafes.API.csproj]
D:\SmartShcool\Nafes.API\Program.cs(50,54): error CS0246: The type or namespace name 'WheelSpinSegmentService' could not be found (are you missing a using directive or an assembly reference?) [D:\SmartShcool\Nafes.API\Nafes.API.csproj]
D:\SmartShcool\Nafes.API\Program.cs(56,28): error CS0246: The type or namespace name 'IUIThemeService' could not be found (are you missing a using directive or an assembly reference?) [D:\SmartShcool\Nafes.API\Nafes.API.csproj]
D:\SmartShcool\Nafes.API\Program.cs(56,45): error CS0246: The type or namespace name 'UIThemeService' could not be found (are you missing a using directive or an assembly reference?) [D:\SmartShcool\Nafes.API\Nafes.API.csproj]
D:\SmartShcool\Nafes.API\Program.cs(57,28): error CS0246: The type or namespace name 'IDragDropQuestionService' could not be found (are you missing a using directive or an assembly reference?) [D:\SmartShcool\Nafes.API\Nafes.API.csproj]
D:\SmartShcool\Nafes.API\Program.cs(57,54): error CS0246: The type or namespace name 'DragDropQuestionService' could not be found (are you missing a using directive or an assembly reference?) [D:\SmartShcool\Nafes.API\Nafes.API.csproj]
D:\SmartShcool\Nafes.API\Program.cs(58,28): error CS0246: The type or namespace name 'IDragDropGameService' could not be found (are you missing a using directive or an assembly reference?) [D:\SmartShcool\Nafes.API\Nafes.API.csproj]
D:\SmartShcool\Nafes.API\Program.cs(58,50): error CS0246: The type or namespace name 'DragDropGameService' could not be found (are you missing a using directive or an assembly reference?) [D:\SmartShcool\Nafes.API\Nafes.API.csproj]
D:\SmartShcool\Nafes.API\Program.cs(67,28): error CS0246: The type or namespace name 'IJwtService' could not be found (are you missing a using directive or an assembly reference?) [D:\SmartShcool\Nafes.API\Nafes.API.csproj]
D:\SmartShcool\Nafes.API\Program.cs(67,41): error CS0246: The type or namespace name 'JwtService' could not be found (are you missing a using directive or an assembly reference?) [D:\SmartShcool\Nafes.API\Nafes.API.csproj]
D:\SmartShcool\Nafes.API\Program.cs(68,28): error CS0246: The type or namespace name 'IAnalyticsService' could not be found (are you missing a using directive or an assembly reference?) [D:\SmartShcool\Nafes.API\Nafes.API.csproj]
D:\SmartShcool\Nafes.API\Program.cs(68,47): error CS0246: The type or namespace name 'AnalyticsService' could not be found (are you missing a using directive or an assembly reference?) [D:\SmartShcool\Nafes.API\Nafes.API.csproj]
D:\SmartShcool\Nafes.API\Program.cs(69,31): error CS0246: The type or namespace name 'IEmailService' could not be found (are you missing a using directive or an assembly reference?) [D:\SmartShcool\Nafes.API\Nafes.API.csproj]
D:\SmartShcool\Nafes.API\Program.cs(69,46): error CS0246: The type or namespace name 'EmailService' could not be found (are you missing a using directive or an assembly reference?) [D:\SmartShcool\Nafes.API\Nafes.API.csproj]
D:\SmartShcool\Nafes.API\Program.cs(71,28): error CS0246: The type or namespace name 'ISanitizationService' could not be found (are you missing a using directive or an assembly reference?) [D:\SmartShcool\Nafes.API\Nafes.API.csproj]
D:\SmartShcool\Nafes.API\Program.cs(71,50): error CS0246: The type or namespace name 'SanitizationService' could not be found (are you missing a using directive or an assembly reference?) [D:\SmartShcool\Nafes.API\Nafes.API.csproj]
D:\SmartShcool\Nafes.API\Program.cs(72,28): error CS0246: The type or namespace name 'IQuestionService' could not be found (are you missing a using directive or an assembly reference?) [D:\SmartShcool\Nafes.API\Nafes.API.csproj]
D:\SmartShcool\Nafes.API\Program.cs(72,46): error CS0246: The type or namespace name 'QuestionService' could not be found (are you missing a using directive or an assembly reference?) [D:\SmartShcool\Nafes.API\Nafes.API.csproj]
    32 Warning(s)
    28 Error(s)

Time Elapsed 00:00:06.56
